// Jest Snapshot v1, https://goo.gl/fbAQLP

exports[`DocumentFilter should match default snapshot 1`] = `
.c1 {
  margin-right: 15px;
  vertical-align: text-bottom;
}

.c0 {
  position: relative;
  display: inline-block;
}

<div
  className="c0"
>
  <button
    className="ui button"
    data-test-id="filter-button"
    onClick={[Function]}
    role="button"
  >
    <img
      className="c1"
      src="data:image/svg+xml;base64,PD94bWwgdmVyc2lvbj0iMS4wIiBlbmNvZGluZz0iVVRGLTgiPz4KPHN2ZyB3aWR0aD0iMTZweCIgaGVpZ2h0PSIxNnB4IiB2aWV3Qm94PSIwIDAgMTYgMTYiIHZlcnNpb249IjEuMSIgeG1sbnM9Imh0dHA6Ly93d3cudzMub3JnLzIwMDAvc3ZnIiB4bWxuczp4bGluaz0iaHR0cDovL3d3dy53My5vcmcvMTk5OS94bGluayI+CiAgICA8IS0tIEdlbmVyYXRvcjogU2tldGNoIDU2LjIgKDgxNjcyKSAtIGh0dHBzOi8vc2tldGNoLmNvbSAtLT4KICAgIDx0aXRsZT5TaGFwZTwvdGl0bGU+CiAgICA8ZGVzYz5DcmVhdGVkIHdpdGggU2tldGNoLjwvZGVzYz4KICAgIDxnIGlkPSJQYWdlLTEiIHN0cm9rZT0ibm9uZSIgc3Ryb2tlLXdpZHRoPSIxIiBmaWxsPSJub25lIiBmaWxsLXJ1bGU9ImV2ZW5vZGQiPgogICAgICAgIDxwYXRoIGQ9Ik0wLDEyLjQ0NDQ0NDQgTDAsMTQuMjIyMjIyMiBMNS4zMzMzMzMzMywxNC4yMjIyMjIyIEw1LjMzMzMzMzMzLDEyLjQ0NDQ0NDQgTDAsMTIuNDQ0NDQ0NCBMMCwxMi40NDQ0NDQ0IFogTTAsMS43Nzc3Nzc3OCBMMCwzLjU1NTU1NTU2IEw4Ljg4ODg4ODg5LDMuNTU1NTU1NTYgTDguODg4ODg4ODksMS43Nzc3Nzc3OCBMMCwxLjc3Nzc3Nzc4IEwwLDEuNzc3Nzc3NzggWiBNOC44ODg4ODg4OSwxNiBMOC44ODg4ODg4OSwxNC4yMjIyMjIyIEwxNiwxNC4yMjIyMjIyIEwxNiwxMi40NDQ0NDQ0IEw4Ljg4ODg4ODg5LDEyLjQ0NDQ0NDQgTDguODg4ODg4ODksMTAuNjY2NjY2NyBMNy4xMTExMTExMSwxMC42NjY2NjY3IEw3LjExMTExMTExLDE2IEw4Ljg4ODg4ODg5LDE2IEw4Ljg4ODg4ODg5LDE2IFogTTMuNTU1NTU1NTYsNS4zMzMzMzMzMyBMMy41NTU1NTU1Niw3LjExMTExMTExIEwwLDcuMTExMTExMTEgTDAsOC44ODg4ODg4OSBMMy41NTU1NTU1Niw4Ljg4ODg4ODg5IEwzLjU1NTU1NTU2LDEwLjY2NjY2NjcgTDUuMzMzMzMzMzMsMTAuNjY2NjY2NyBMNS4zMzMzMzMzMyw1LjMzMzMzMzMzIEwzLjU1NTU1NTU2LDUuMzMzMzMzMzMgTDMuNTU1NTU1NTYsNS4zMzMzMzMzMyBaIE0xNiw4Ljg4ODg4ODg5IEwxNiw3LjExMTExMTExIEw3LjExMTExMTExLDcuMTExMTExMTEgTDcuMTExMTExMTEsOC44ODg4ODg4OSBMMTYsOC44ODg4ODg4OSBMMTYsOC44ODg4ODg4OSBaIE0xMC42NjY2NjY3LDUuMzMzMzMzMzMgTDEyLjQ0NDQ0NDQsNS4zMzMzMzMzMyBMMTIuNDQ0NDQ0NCwzLjU1NTU1NTU2IEwxNiwzLjU1NTU1NTU2IEwxNiwxLjc3Nzc3Nzc4IEwxMi40NDQ0NDQ0LDEuNzc3Nzc3NzggTDEyLjQ0NDQ0NDQsMCBMMTAuNjY2NjY2NywwIEwxMC42NjY2NjY3LDUuMzMzMzMzMzMgWiIgaWQ9IlNoYXBlIiBmaWxsPSIjNUQ3NjhGIiBmaWxsLXJ1bGU9Im5vbnplcm8iPjwvcGF0aD4KICAgIDwvZz4KPC9zdmc+"
    />
    Filters
  </button>
</div>
`;

exports[`DocumentFilter should send appropriate filter props to filter wrapper - default filter value 1`] = `
<CheckboxTreeFilter
  options={
    Array [
      Object {
        "display": Object {
          "color": "rgba(187,134,252)",
        },
        "items": Array [],
        "name": "Banking documents",
        "value": "banking-documents",
      },
      Object {
        "display": Object {
          "color": "rgba(132,63,255)",
        },
        "items": Array [],
        "name": "Business description",
        "value": "business-description",
      },
      Object {
        "display": Object {
          "color": "rgba(63,81,181)",
        },
        "items": Array [
          Object {
            "name": "Certificate of Incorporation",
            "value": "certificate-of-incorporation",
          },
        ],
        "name": "Company Details",
        "value": "company-details",
      },
      Object {
        "display": Object {
          "color": "rgba(0,179,188)",
        },
        "items": Array [
          Object {
            "name": "List of Directors",
            "value": "list-of-directors",
          },
        ],
        "name": "Management and directors",
        "value": "management-and-directors",
      },
      Object {
        "display": Object {
          "color": undefined,
        },
        "items": Array [],
        "name": "Miscellaneous",
        "value": "miscellaneous",
      },
      Object {
        "display": Object {
          "color": "rgba(0,134,124)",
        },
        "items": Array [],
        "name": "Regulation/Compliance",
        "value": "regulation-and-compliance",
      },
      Object {
        "display": Object {
          "color": "rgba(68,33,133)",
        },
        "items": Array [
          Object {
            "name": "Passports of UBOs",
            "value": "passports-of-ubos",
          },
        ],
        "name": "Shareholders - Ultimate Beneficiary Owners (UBOs)",
        "value": "shareholders",
      },
    ]
  }
/>
`;

exports[`DocumentFilter should send appropriate filter props to filter wrapper - default filter value 2`] = `
<CheckboxFilter
  items={
    Array [
      Object {
        "name": "Applicant Name",
        "value": "cf63c1f8-1165-4c94-a8f8-9252eb4f0016",
      },
    ]
  }
/>
`;
