// Jest Snapshot v1, https://goo.gl/fbAQLP

exports[`should match snapshot 1`] = `
.c2 {
  margin-left: 4px;
  font-weight: normal;
}

.c1 {
  text-align: center;
  margin: 0 10px;
  cursor: pointer;
  color: #5d768f;
  font-weight: bold;
  padding-bottom: 6px;
  color: #5700b5;
  border-bottom: 2px solid #5700b5;
}

.c1:hover {
  color: black;
}

.c1:hover {
  color: #5700b5;
}

.c3 {
  text-align: center;
  margin: 0 10px;
  cursor: pointer;
  color: #5d768f;
  font-weight: bold;
  padding-bottom: 6px;
}

.c3:hover {
  color: black;
}

.c0 {
  display: -webkit-box;
  display: -webkit-flex;
  display: -ms-flexbox;
  display: flex;
  -webkit-flex-wrap: wrap;
  -ms-flex-wrap: wrap;
  flex-wrap: wrap;
  margin-bottom: 30px;
}

<div
  className="c0"
>
  <span
    className="c1"
    onClick={[Function]}
  >
    All
    <span
      className="c2"
    >
      (
      2
      )
    </span>
  </span>
  <span
    className="c3"
    onClick={[Function]}
  >
    KYC renewal due ≤ 30 days
    <span
      className="c2"
    >
      (
      
      )
    </span>
  </span>
  <span
    className="c3"
    onClick={[Function]}
  >
    Due ≤ 60 days
    <span
      className="c2"
    >
      (
      
      )
    </span>
  </span>
  <span
    className="c3"
    onClick={[Function]}
  >
    Due ≤ 90 days
    <span
      className="c2"
    >
      (
      
      )
    </span>
  </span>
  <span
    className="c3"
    onClick={[Function]}
  >
    Overdue ≤ 30 days
    <span
      className="c2"
    >
      (
      
      )
    </span>
  </span>
  <span
    className="c3"
    onClick={[Function]}
  >
    Overdue &gt; 30 days
    <span
      className="c2"
    >
      (
      
      )
    </span>
  </span>
  <span
    className="c3"
    onClick={[Function]}
  >
    No renewal date
    <span
      className="c2"
    >
      (
      
      )
    </span>
  </span>
</div>
`;
