// Jest Snapshot v1, https://goo.gl/fbAQLP

exports[`should match snapshot 1`] = `
.c0 {
  list-style: none;
  margin: 0;
  padding: 30px 0px 30px 0px;
  display: -webkit-box;
  display: -webkit-flex;
  display: -ms-flexbox;
  display: flex;
  -webkit-flex-direction: column;
  -ms-flex-direction: column;
  flex-direction: column;
}

@media (min-width:68.75em) {
  .c0 {
    padding-left: 40px;
  }
}

<ul
  className="c0"
>
  OK
</ul>
`;
