// Jest Snapshot v1, https://goo.gl/fbAQLP

exports[`should match snapshot 1`] = `
.c0 {
  display: inline-block;
  font-weight: bold;
  width: 200px;
  text-align: right;
  padding-right: 20px;
}

<span
  className="c0"
>
  OK
</span>
`;
