// Jest Snapshot v1, https://goo.gl/fbAQLP

exports[`DocumentSimpleHeader should match default snapshot 1`] = `
.c1 {
  display: -webkit-box;
  display: -webkit-flex;
  display: -ms-flexbox;
  display: flex;
  -webkit-flex-direction: row;
  -ms-flex-direction: row;
  flex-direction: row;
  -webkit-box-pack: start;
  -webkit-justify-content: flex-start;
  -ms-flex-pack: start;
  justify-content: flex-start;
  -webkit-align-items: center;
  -webkit-box-align: center;
  -ms-flex-align: center;
  align-items: center;
  padding: 17px 30px;
}

.c0.c0 {
  -webkit-box-pack: end;
  -webkit-justify-content: flex-end;
  -ms-flex-pack: end;
  justify-content: flex-end;
}

<div
  className="c0 c1"
>
  <button
    className="ui button"
    data-test-id="close-view-document"
    onClick={[Function]}
    role="button"
  >
    Close
  </button>
</div>
`;
