// Jest Snapshot v1, https://goo.gl/fbAQLP

exports[`UploadLC component Should match snapshot 1`] = `
<DocumentFragment>
  .c0 {
  margin-bottom: 0;
}

.c2.c2.c2.c2.c2 {
  color: #5700b5;
  z-index: 100;
  cursor: pointer;
  padding-bottom: 20px;
  display: block;
  font-weight: normal;
}

.c1.c1.c1.c1.c1 {
  z-index: -100;
  cursor: pointer;
  position: absolute;
  opacity: 0;
  width: 0.1px;
  height: 0.1px;
  overflow: hidden;
  width: 50%;
  padding: 10px;
}

<div
    class="ui page modals dimmer transition visible active"
  >
    <div
      class="ui modal transition visible active"
    >
      <div
        class="header"
      >
        Approve LC application
      </div>
      <div
        class="content"
      >
        <p>
          You are about to approve LC application for the financing of 
          <b>
            LC18-MER-1
          </b>
           from 
          <b />
        </p>
        <form
          class="ui form"
        >
          <div
            class="field"
          >
            <label>
              Issuing Bank LC Reference
            </label>
            <div
              class="ui input"
            >
              <input
                name="issuingBankLCReference"
                type="text"
                value=""
              />
            </div>
          </div>
          <div
            class="field"
          >
            <p
              class="c0"
            >
              <b>
                Upload LC to complete approval
              </b>
              <br />
            </p>
            <input
              accept=".pdf, .png, .jpeg"
              class="file-uploader c1"
              id="file-upload"
              name="fileLC"
              type="file"
            />
            <label
              class="file-uploader c2"
              for="file-upload"
            >
              Upload issued LC
            </label>
          </div>
        </form>
      </div>
      <div
        class="actions"
      >
        <button
          class="ui button"
          role="button"
        >
          Cancel
        </button>
        <button
          class="ui primary disabled button"
          disabled=""
          role="button"
          tabindex="-1"
          type="submit"
        >
          Submit Approval
        </button>
      </div>
    </div>
  </div>
</DocumentFragment>
`;
