// Jest Snapshot v1, https://goo.gl/fbAQLP

exports[`SharedWithCounterpartiesTextInfo should match default snaptshout 1`] = `
Array [
  <h3>
    Visibility to counterparties
  </h3>,
  <p>
    Information shared with your counterparties on a bilateral basis. This information is displayed to counterparties as non-binding and does not represent or warrant any commitment on your part.
  </p>,
]
`;
