// Jest Snapshot v1, https://goo.gl/fbAQLP

exports[`ViewCommentModal should match snapshot 1`] = `<DocumentFragment />`;
