// Jest Snapshot v1, https://goo.gl/fbAQLP

exports[`SharedProperty should match snapshot 1`] = `
.c0 display:inline-block span {
  vertical-align: middle;
}

.c0 svg {
  margin-right: 10px;
  width: 14px;
  height: 14px;
  vertical-align: middle;
}

<div
  className="c0"
>
  <svg
    data-test-id="not-shared-icon"
  >
    close.svg
  </svg>
  <span
    data-test-id="data-label"
    style={
      Object {
        "color": "#5d768f",
      }
    }
  >
    data
    <span>
       - 
      1 days
    </span>
  </span>
</div>
`;
