// Jest Snapshot v1, https://goo.gl/fbAQLP

exports[`StandbyLetterOfCreditApplication matches snapshot 1`] = `
<DocumentFragment>
  .c0 {
  font-size: small;
  color: #d45c64;
  margin-top: -1em;
  padding-top: 3px;
  min-height: 22px;
  margin-bottom: 9px;
}

<form
    class="ui form"
    id="create-standby-letter-of-credit"
    style="display: flex; flex-direction: column; flex-grow: 1;"
  >
    <div
      class="field"
    >
      <label
        class="inputLabel"
      >
        Issuing bank
      </label>
      <div
        aria-expanded="false"
        class="ui compact search selection dropdown dropdown-input"
        data-test-id="issuingBankId"
        name="issuingBank.staticId"
        role="combobox"
        style="width: 100%;"
      >
        <input
          aria-autocomplete="list"
          autocomplete="off"
          class="search"
          id="field_issuingBank.staticId"
          tabindex="1"
          type="text"
          value=""
        />
        <div
          aria-live="polite"
          class="text"
          role="alert"
        />
        <i
          aria-hidden="true"
          class="dropdown icon"
        />
        <div
          class="menu transition"
          role="listbox"
        >
          <div
            aria-checked="false"
            aria-selected="true"
            class="selected item"
            role="option"
            style="pointer-events: all;"
          >
            <span
              class="text"
            >
              Bank 1
            </span>
          </div>
          <div
            aria-checked="false"
            aria-selected="false"
            class="item"
            role="option"
            style="pointer-events: all;"
          >
            <span
              class="text"
            >
              Bank 2
            </span>
          </div>
          <div
            aria-checked="false"
            aria-selected="false"
            class="item"
            role="option"
            style="pointer-events: all;"
          >
            <span
              class="text"
            >
              Bank 3
            </span>
          </div>
        </div>
      </div>
    </div>
    <div
      class="c0"
      data-test-id="issuingBank.staticId-error"
    />
    <div
      class="field"
    >
      <label
        class="inputLabel"
      >
        Advising bank
      </label>
      <div
        aria-disabled="true"
        aria-expanded="false"
        class="ui disabled compact selection dropdown field disabled dropdown-input"
        name="beneficiaryBank.staticId"
        role="listbox"
        style="width: 100%;"
        tabindex="-1"
      >
        <div
          aria-live="polite"
          class="default text"
          role="alert"
        >
          No advising bank
        </div>
        <i
          aria-hidden="true"
          class="dropdown icon"
        />
        <div
          class="menu transition"
        >
          <div
            aria-checked="false"
            aria-selected="true"
            class="selected item"
            role="option"
            style="pointer-events: all;"
          >
            <span
              class="text"
            >
              No advising bank
            </span>
          </div>
        </div>
      </div>
    </div>
    <div
      class="c0"
      data-test-id="beneficiaryBank.staticId-error"
    />
    <div
      class="field"
    >
      <label>
        Opening amount / Currency
      </label>
      <div
        class="ui right labeled input"
        data-test-id="amount"
      >
        <input
          id="field_amount"
          name="amount"
          tabindex="3"
          type="text"
          value="100.00"
        />
        <div
          aria-expanded="false"
          class="ui dropdown label"
          data-test-id="currency"
          name="currency"
          role="listbox"
          style="border: 1px solid rgb(226, 226, 226);"
          tabindex="0"
        >
          <div
            aria-live="polite"
            class="text"
            role="alert"
          >
            AED
          </div>
          <i
            aria-hidden="true"
            class="dropdown icon"
          />
          <div
            class="menu transition"
          >
            <div
              aria-checked="true"
              aria-selected="true"
              class="active selected item"
              role="option"
              style="pointer-events: all;"
            >
              <span
                class="text"
              >
                AED
              </span>
            </div>
            <div
              aria-checked="false"
              aria-selected="false"
              class="item"
              role="option"
              style="pointer-events: all;"
            >
              <span
                class="text"
              >
                CHF
              </span>
            </div>
            <div
              aria-checked="false"
              aria-selected="false"
              class="item"
              role="option"
              style="pointer-events: all;"
            >
              <span
                class="text"
              >
                EUR
              </span>
            </div>
            <div
              aria-checked="false"
              aria-selected="false"
              class="item"
              role="option"
              style="pointer-events: all;"
            >
              <span
                class="text"
              >
                GBP
              </span>
            </div>
            <div
              aria-checked="false"
              aria-selected="false"
              class="item"
              role="option"
              style="pointer-events: all;"
            >
              <span
                class="text"
              >
                JPY
              </span>
            </div>
            <div
              aria-checked="false"
              aria-selected="false"
              class="item"
              role="option"
              style="pointer-events: all;"
            >
              <span
                class="text"
              >
                USD
              </span>
            </div>
          </div>
        </div>
      </div>
    </div>
    <div
      class="c0"
      data-test-id="amount-error"
    />
    <div
      class="field"
    >
      <label>
        Expiry date
      </label>
      <div
        class="field"
        style="display: inherit; justify-content: unset; align-items: center;"
      >
        <label
          class="inputLabel"
        />
        <div
          class="ui input"
          data-test-id="expiryDate"
          style="width: 100%;"
        >
          <input
            id="field_expiryDate"
            min="2018-11-13"
            name="expiryDate"
            tabindex="4"
            type="date"
            value="2018-01-01"
          />
        </div>
      </div>
    </div>
    <div
      class="c0"
      data-test-id="expiryDate-error"
    />
    <button
      class="ui primary disabled button"
      data-test-id="submit-letter-of-credit-application"
      disabled=""
      role="button"
      style="width: 100%; margin-top: auto;"
      tabindex="-1"
      type="submit"
    >
      Submit Application
    </button>
  </form>
</DocumentFragment>
`;

exports[`StandbyLetterOfCreditApplication shows errors if a slate document errors is given 1`] = `
"Snapshot Diff:
- First value
+ Second value

@@ -12,11 +12,11 @@
        >
          Issuing bank
        </label>
        <div
          aria-expanded=\\"false\\"
-         class=\\"ui compact search selection dropdown dropdown-input\\"
+         class=\\"ui compact search selection dropdown field error dropdown-input\\"
          data-test-id=\\"issuingBankId\\"
          name=\\"issuingBank.staticId\\"
          role=\\"combobox\\"
          style=\\"width: 100%;\\"
        >
@@ -84,12 +84,13 @@
          </div>
        </div>
      </div>
      <div
        class=\\"sc-cIShpX gdPDyy\\"
-       data-test-id=\\"issuingBank.staticId-error\\"
-     />
+     >
+       Field missing in template
+     </div>
      <div
        class=\\"field\\"
      >
        <label
          class=\\"inputLabel\\"
@@ -97,11 +98,11 @@
          Advising bank
        </label>
        <div
          aria-disabled=\\"true\\"
          aria-expanded=\\"false\\"
-         class=\\"ui disabled compact selection dropdown field disabled dropdown-input\\"
+         class=\\"ui disabled compact selection dropdown field error dropdown-input\\"
          name=\\"beneficiaryBank.staticId\\"
          role=\\"listbox\\"
          style=\\"width: 100%;\\"
          tabindex=\\"-1\\"
        >
@@ -135,20 +136,21 @@
          </div>
        </div>
      </div>
      <div
        class=\\"sc-cIShpX gdPDyy\\"
-       data-test-id=\\"beneficiaryBank.staticId-error\\"
-     />
+     >
+       Field missing in template
+     </div>
      <div
        class=\\"field\\"
      >
        <label>
          Opening amount / Currency
        </label>
        <div
-         class=\\"ui right labeled input\\"
+         class=\\"ui right labeled input field error\\"
          data-test-id=\\"amount\\"
        >
          <input
            id=\\"field_amount\\"
            name=\\"amount\\"
@@ -261,12 +263,13 @@
          </div>
        </div>
      </div>
      <div
        class=\\"sc-cIShpX gdPDyy\\"
-       data-test-id=\\"amount-error\\"
-     />
+     >
+       Field missing in template
+     </div>
      <div
        class=\\"field\\"
      >
        <label>
          Expiry date
@@ -277,11 +280,11 @@
        >
          <label
            class=\\"inputLabel\\"
          />
          <div
-           class=\\"ui input\\"
+           class=\\"ui input field error\\"
            data-test-id=\\"expiryDate\\"
            style=\\"width: 100%;\\"
          >
            <input
              id=\\"field_expiryDate\\"
@@ -294,12 +297,13 @@
          </div>
        </div>
      </div>
      <div
        class=\\"sc-cIShpX gdPDyy\\"
-       data-test-id=\\"expiryDate-error\\"
-     />
+     >
+       Field missing in template
+     </div>
      <button
        class=\\"ui primary disabled button\\"
        data-test-id=\\"submit-letter-of-credit-application\\"
        disabled=\\"\\"
        role=\\"button\\""
`;
