// Jest Snapshot v1, https://goo.gl/fbAQLP

exports[`PanelItemColorIcon renders 1`] = `
.c0 {
  height: 0.5em;
  width: 0.5em;
  background-color: rgba(63,81,181);
  border-radius: 2px;
  -webkit-align-self: center;
  -ms-flex-item-align: center;
  align-self: center;
}

<div
  className="c0"
/>
`;
