// Jest Snapshot v1, https://goo.gl/fbAQLP

exports[`NotesSection should match default snapshot 1`] = `
.c1.c1.c1.c1.c1.c1.c1.c1.c1.c1.c1 {
  margin: 0px;
  padding: 16px 30px 30px 30px;
}

.c0.c0.c0.c0.c0.c0.c0.c0.c0.c0.c0 {
  height: 325px;
  width: unset;
  margin: 30px;
  padding-left: 0px;
  padding-rigth: 0px;
  -webkit-box-shadow: 0px 1px 11px -4px rgba(0,0,0,0.75);
  -moz-box-shadow: 0px 1px 11px -4px rgba(0,0,0,0.75);
  box-shadow: 0px 1px 11px -4px rgba(0,0,0,0.75);
}

.c2.c2.c2.c2.c2.c2.c2.c2.c2.c2.c2 {
  font-size: 11px;
  height: 21px;
  width: 549px;
  color: #1c2936;
  font-weight: 600;
  line-height: 21px;
}

.c4.c4.c4 {
  resize: none;
  overflow-y: auto;
}

.c3 {
  display: -webkit-box;
  display: -webkit-flex;
  display: -ms-flexbox;
  display: flex;
  -webkit-box-pack: justify;
  -webkit-justify-content: space-between;
  -ms-flex-pack: justify;
  justify-content: space-between;
  width: 105%;
}

<div
  className="ui card c0"
  onClick={[Function]}
  style={Object {}}
>
  <div
    className="content c1"
  >
    <div
      className="header c2"
    >
      <div
        className="c3"
      >
        <p>
          NOTES
        </p>
      </div>
    </div>
    <div
      className="description "
    >
      <form
        className="ui form"
        data-test-id="request-notes-form"
        onSubmit={[Function]}
      >
        <textarea
          className="style-scroll c4"
          data-test-id="request-notes-input"
          onBlur={[Function]}
          onChange={[Function]}
          onInput={[Function]}
          placeholder="Type here..."
          rows={13}
          style={
            Object {
              "resize": "",
            }
          }
          value=""
        />
      </form>
    </div>
  </div>
</div>
`;
