// Jest Snapshot v1, https://goo.gl/fbAQLP

exports[`ReceivableDiscountingTradeView component renders correctly 1`] = `
.c0.c0.c0 .komgo-accordion-header {
  height: 53px;
  padding: 15px;
  background-color: #ffffff;
  border: 1px solid #c0cfde;
  border-radius: 4px;
  box-shadow: 0 1px 4px 0 rgba(192,207,222,0.5);
  color: #1c2936;
  font-size: 14px;
  font-weight: 600;
  line-height: 21px;
  display: -webkit-box;
  display: -webkit-flex;
  display: -ms-flexbox;
  display: flex;
  -webkit-box-pack: justify;
  -webkit-justify-content: space-between;
  -ms-flex-pack: justify;
  justify-content: space-between;
  -webkit-align-items: center;
  -webkit-box-align: center;
  -ms-flex-align: center;
  align-items: center;
}

.c0.c0.c0 .accordion-title-wrapper {
  display: -webkit-box;
  display: -webkit-flex;
  display: -ms-flexbox;
  display: flex;
  -webkit-box-pack: start;
  -webkit-justify-content: flex-start;
  -ms-flex-pack: start;
  justify-content: flex-start;
  -webkit-align-items: center;
  -webkit-box-align: center;
  -ms-flex-align: center;
  align-items: center;
  min-width: 40%;
}

.c0.c0.c0 .accordion-title {
  margin-top: 1px;
}

.c0.c0.c0 .accordion-icon {
  color: #62768d;
  margin: -8px 5px 0px 5px;
  -webkit-transform: rotate(0deg);
  -ms-transform: rotate(0deg);
  transform: rotate(0deg);
  -webkit-transition: all 0.2s linear;
  transition: all 0.2s linear;
}

.c0.c0.c0 .accordion-status-wrapper {
  margin-top: 1px;
}

.c0.c0.c0 .accordion-button-wrapper {
  margin-top: 1px;
  display: -webkit-box;
  display: -webkit-flex;
  display: -ms-flexbox;
  display: flex;
  -webkit-box-pack: end;
  -webkit-justify-content: flex-end;
  -ms-flex-pack: end;
  justify-content: flex-end;
  min-width: 20%;
}

.c0.c0.c0 .disabled {
  pointer-events: none;
}

.c0.c0.c0 .lively-divider {
  display: none;
  position: relative;
  top: 14px;
  border-bottom: 1px solid #dbe5ec;
  text-align: center;
  left: 50%;
  width: 0%;
  -webkit-animation: open-line 0.4s forwards;
  animation: open-line 0.4s forwards;
}

.c0.c0.c0 .active .komgo-accordion-header {
  border-radius: 4px 4px 0px 0px;
  border-bottom: 0;
}

.c0.c0.c0 .active .accordion-title {
  margin-top: 0px;
}

.c0.c0.c0 .active .accordion-status-wrapper {
  margin-top: 0px;
}

.c0.c0.c0 .active .accordion-button-wrapper {
  margin-top: 0px;
}

.c0.c0.c0 .active .komgo-accordion-content {
  border-radius: 0px 0px 4px 4px;
  border-top: none;
  border-color: #c0cfde;
  margin: -15px 0px 8px 0px;
}

.c0.c0.c0 .active .accordion-icon {
  -webkit-transform: rotate(90deg);
  -ms-transform: rotate(90deg);
  transform: rotate(90deg);
  margin: 0px 5px 0px 5px;
}

.c0.c0.c0 .active .lively-divider {
  display: block;
  left: 1rem;
  width: calc(100% - 2rem);
  top: -15px;
}

.c1.c1.c1 {
  text-transform: uppercase;
  border: none;
  background-color: #f2f5f8;
}

.c2 {
  list-style: none;
  margin: 0;
  padding: 30px 0px 30px 0px;
  display: -webkit-box;
  display: -webkit-flex;
  display: -ms-flexbox;
  display: flex;
  -webkit-flex-direction: column;
  -ms-flex-direction: column;
  flex-direction: column;
}

.c3 {
  margin: 0;
  line-height: 2;
  white-space: nowrap;
  margin-bottom: 5px;
  max-width: 720px;
  -webkit-box-flex: 1;
  -webkit-flex-grow: 1;
  -ms-flex-positive: 1;
  flex-grow: 1;
}

.c5.c5.c5.c5.c5 .field .selection.dropdown {
  width: 50% !important;
}

.c5.c5.c5.c5.c5 .field.error {
  margin-bottom: 0;
}

.c5.c5.c5.c5.c5 label.inputLabel {
  width: 200px;
  margin-right: 0;
  display: inline-block;
  text-align: right;
  padding-right: 20px;
}

.c4 {
  display: inline-block;
  font-weight: bold;
  width: 200px;
  text-align: right;
  padding-right: 20px;
}

@media (min-width:68.75em) {
  .c2 {
    padding-left: 40px;
  }
}

<div
  bordercolor="#c0cfde"
  className="accordion ui fluid c0"
>
  <div
    className="active title"
    data-test-id="trade-summary-accordion-title"
    onClick={[Function]}
  >
    <div
      className="ui block header komgo-accordion-header"
    >
      <div
        className="accordion-title-wrapper"
      >
        <i
          aria-hidden="true"
          className="chevron right icon accordion-icon"
        />
        <div
          className="accordion-title"
          style={
            Object {
              "marginLeft": "0px",
            }
          }
        >
          Trade summary
        </div>
      </div>
      <div
        className="accordion-status-wrapper"
      />
      <div
        className="accordion-button-wrapper"
      >
        <button
          className="ui button"
          data-test-id="edit-trade-request"
          onClick={[Function]}
          role="button"
        >
          Edit
        </button>
      </div>
    </div>
  </div>
  <div
    className="content active"
    data-test-id="trade-summary-accordion-content"
  >
    <div
      className="lively-divider"
    />
    <div
      className="ui segment komgo-accordion-content"
    >
      <div
        className="accordion ui fluid"
      >
        <div
          className="active title"
          onClick={[Function]}
          style={
            Object {
              "paddingTop": 0,
              "pointerEvents": "none",
            }
          }
        >
          <div
            className="ui block header c1"
          >
            Trade data
          </div>
        </div>
        <div
          className="content active"
        >
          <ul
            className="c2"
          >
            <li
              className="c3"
              data-test-id="header-text"
            >
              <span
                className="c4"
              >
                Trade source
              </span>
              Komgo
            </li>
            <li
              className="c3"
            >
              <span
                className="c4"
              >
                Buyer
              </span>
              
            </li>
            <li
              className="c3"
            >
              <span
                className="c4"
              >
                Buyer's reference
              </span>
              buyerEtrmId
            </li>
            <li
              className="c3"
            >
              <span
                className="c4"
              >
                Seller
              </span>
              
            </li>
            <li
              className="c3"
            >
              <span
                className="c4"
              >
                Credit requirement
              </span>
              Documentary letter of credit
            </li>
            <li
              className="c3"
            >
              <span
                className="c4"
              >
                Reference date
              </span>
              2017/12/31
            </li>
          </ul>
        </div>
        <div
          className="active title"
          onClick={[Function]}
          style={
            Object {
              "pointerEvents": "none",
            }
          }
        >
          <div
            className="ui block header c1"
          >
            Commodity and price
          </div>
        </div>
        <div
          className="content active"
        >
          <ul
            className="c2"
          >
            <li
              className="c3"
            >
              <span
                className="c4"
              >
                Commodity type
              </span>
              Crude oil
            </li>
            <li
              className="c5 c3"
            >
              <span
                className="c4"
              >
                Invoice quantity
              </span>
              Load
            </li>
            <li
              className="c3"
            >
              <li
                className="c5 c3"
              >
                <span
                  className="c4"
                >
                  Quantity
                </span>
                600,000 BBL
              </li>
            </li>
            <li
              className="c5 c3"
            >
              <span
                className="c4"
              >
                Min tolerance
              </span>
              1.25%
            </li>
            <li
              className="c5 c3"
            >
              <span
                className="c4"
              >
                Max tolerance
              </span>
              1.25%
            </li>
            <li
              className="c3"
            >
              <span
                className="c4"
              >
                Price
                 per
                 
                unit
              </span>
              70.02 EUR/BBL
            </li>
            <li
              className="c5 c3"
            >
              <span
                className="c4"
              >
                Payment option
              </span>
              Deferred
            </li>
            <li
              className="c3"
            >
              <span
                className="c4"
              >
                Payment terms
              </span>
              30 calendar days after BL
            </li>
          </ul>
        </div>
        <div
          className="active title"
          onClick={[Function]}
          style={
            Object {
              "pointerEvents": "none",
            }
          }
        >
          <div
            className="ui block header c1"
          >
            Delivery terms
          </div>
        </div>
        <div
          className="content active"
        >
          <ul
            className="c2"
          >
            <li
              className="c3"
            >
              <li
                className="c5 c3"
              >
                <span
                  className="c4"
                >
                  Delivery from
                </span>
                2019/04/03
              </li>
            </li>
            <li
              className="c3"
            >
              <li
                className="c5 c3"
              >
                <span
                  className="c4"
                >
                  Delivery to
                </span>
                2019/04/10
              </li>
            </li>
            <li
              className="c5 c3"
            >
              <span
                className="c4"
              >
                Delivery term (incoterm)
              </span>
              FOB
            </li>
            <li
              className="c5 c3"
            >
              <span
                className="c4"
              >
                Delivery location
              </span>
              Weymouth
            </li>
          </ul>
        </div>
      </div>
    </div>
  </div>
</div>
`;
