// Jest Snapshot v1, https://goo.gl/fbAQLP

exports[`formatTemplateData matches snapshot 1`] = `
Object {
  "amount": "100.00",
  "applicant": Object {
    "_id": "5d257a68e6280a7f7e2bfb68",
    "createdAt": "2019-07-09T00:00:00.000Z",
    "isFinancialInstitution": false,
    "isMember": true,
    "label": "0x4b8031c0bf1350534d733f16ff67080b5f208aa22e89b291e396b8176fb03436",
    "node": "0xa12b7e68c7bbc4e1f6080c96a7461d449d27e98c31020e4229d8cd8b4942009a",
    "owner": "0x734617Fc250f867C7E3EBa9E736fB8C9eD680cbf",
    "parentNode": "0x9c19ca3566862e19c7779f1af09f5b2883d8880917cedcbf4ae505a775fa518a",
    "staticId": "cf63c1f8-1165-4c94-a8f8-9252eb4f0016",
    "updatedAt": "2019-07-09T00:00:00.000Z",
    "x500Name": Object {
      "C": "country",
      "CN": "Applicant Name",
      "L": "city",
      "O": "Applicant Name ltd",
      "PC": "postal code",
      "STREET": "street",
    },
  },
  "beneficiary": Object {
    "_id": "5d257a68e6280a7f7e2bfb68",
    "createdAt": "2019-07-09T00:00:00.000Z",
    "isFinancialInstitution": false,
    "isMember": true,
    "label": "0x4b8031c0bf1350534d733f16ff67080b5f208aa22e89b291e396b8176fb03436",
    "node": "0xa12b7e68c7bbc4e1f6080c96a7461d449d27e98c31020e4229d8cd8b4942009a",
    "owner": "0x734617Fc250f867C7E3EBa9E736fB8C9eD680cbf",
    "parentNode": "0x9c19ca3566862e19c7779f1af09f5b2883d8880917cedcbf4ae505a775fa518a",
    "staticId": "ecc3b179-00bc-499c-a2f9-f8d1cc58e9db",
    "updatedAt": "2019-07-09T00:00:00.000Z",
    "x500Name": Object {
      "C": "country",
      "CN": "Beneficiary Name",
      "L": "city",
      "O": "Beneficiary Name ltd",
      "PC": "postal code",
      "STREET": "street",
    },
  },
  "beneficiaryBank": Object {
    "_id": "5d257a68e6280a7f7e2bfb68",
    "createdAt": "2019-07-09T00:00:00.000Z",
    "isFinancialInstitution": true,
    "isMember": true,
    "label": "0x4b8031c0bf1350534d733f16ff67080b5f208aa22e89b291e396b8176fb03436",
    "node": "0xa12b7e68c7bbc4e1f6080c96a7461d449d27e98c31020e4229d8cd8b4942009a",
    "owner": "0x734617Fc250f867C7E3EBa9E736fB8C9eD680cbf",
    "parentNode": "0x9c19ca3566862e19c7779f1af09f5b2883d8880917cedcbf4ae505a775fa518a",
    "staticId": "08e9f8e3-94e5-459e-8458-ab512bee6e2c",
    "updatedAt": "2019-07-09T00:00:00.000Z",
    "x500Name": Object {
      "C": "country",
      "CN": "Beneficiary Name",
      "L": "city",
      "O": "Beneficiary Name ltd",
      "PC": "postal code",
      "STREET": "street",
    },
  },
  "cargo": Object {
    "_id": "123",
    "cargoId": "F0401",
    "createdAt": "2019-01-01T00:00:00.000Z",
    "grade": "BRENT",
    "originOfGoods": "China",
    "parcels": Array [
      Object {
        "_id": undefined,
        "deemedBLDate": undefined,
        "destinationPlace": "Weymouth",
        "id": "123",
        "laycanPeriod": Object {
          "endDate": "2017-12-31",
          "startDate": "2017-12-31",
        },
        "loadingPlace": "Porto",
        "modeOfTransport": "VESSEL",
        "quantity": 600000,
        "version": 2,
      },
    ],
    "quality": "top",
    "source": "KOMGO",
    "sourceId": "E2389423",
    "status": "TO_BE_FINANCED",
    "updatedAt": "2019-01-01T00:00:00.000Z",
    "version": 2,
  },
  "currency": "USD",
  "expiryDate": "2019-08-21",
  "issuingBank": Object {
    "_id": "5d257a68e6280a7f7e2bfb68",
    "createdAt": "2019-07-09T00:00:00.000Z",
    "isFinancialInstitution": true,
    "isMember": true,
    "label": "0x4b8031c0bf1350534d733f16ff67080b5f208aa22e89b291e396b8176fb03436",
    "node": "0xa12b7e68c7bbc4e1f6080c96a7461d449d27e98c31020e4229d8cd8b4942009a",
    "owner": "0x734617Fc250f867C7E3EBa9E736fB8C9eD680cbf",
    "parentNode": "0x9c19ca3566862e19c7779f1af09f5b2883d8880917cedcbf4ae505a775fa518a",
    "staticId": "08e9f8e3-94e5-459e-8458-ab512bee6e2c",
    "updatedAt": "2019-07-09T00:00:00.000Z",
    "x500Name": Object {
      "C": "country",
      "CN": "Issuing Name",
      "L": "city",
      "O": "Issuing Name ltd",
      "PC": "postal code",
      "STREET": "street",
    },
  },
  "issuingBankReference": "REF-0001",
  "trade": Object {
    "_id": "123",
    "buyer": "node.123",
    "buyerEtrmId": "buyerEtrmId",
    "commodity": "Crude oil",
    "contractDate": "2017-12-01",
    "createdAt": "2019-01-01T00:00:00.000Z",
    "creditRequirement": "Documentary letter of credit",
    "currency": "EUR",
    "dealDate": "2017-12-31",
    "deliveryLocation": "Weymouth",
    "deliveryPeriod": Object {
      "endDate": "2019-04-10",
      "startDate": "2019-04-03",
    },
    "deliveryTerms": "FOB",
    "invoiceQuantity": "Load",
    "law": "New York law",
    "maxTolerance": 1.25,
    "minTolerance": 1.25,
    "paymentTerms": Object {
      "dayType": "Calendar",
      "eventBase": "BL",
      "time": 30,
      "timeUnit": "Days",
      "when": "After",
    },
    "paymentTermsOption": "Deferred",
    "price": "70.02",
    "priceUnit": "BBL",
    "quantity": 600000,
    "seller": "node.321",
    "sellerEtrmId": undefined,
    "source": "komgo",
    "sourceId": "E2389423",
    "status": "To be financed",
    "updatedAt": "2019-01-01T00:00:00.000Z",
    "version": 2,
  },
  "version": 1,
}
`;
