// Jest Snapshot v1, https://goo.gl/fbAQLP

exports[`LCPresentationDetailsHeader should match snapshot 1`] = `
<div
  className="ui grid"
>
  <div
    className="left floated eight wide column"
  >
    <h1
      className="ui header"
    >
      2018-BP-16
    </h1>
    <h3
      className="ui header"
      style={
        Object {
          "marginTop": 0,
        }
      }
    >
      Presentation #
      123
    </h3>
  </div>
  <div
    className="right aligned right floated eight wide column"
  >
    <h3
      className="ui header"
    >
      Status: 
      Draft
    </h3>
    <p>
      Received from 
      Applicant Name
       
      on 2019/02/19
    </p>
  </div>
</div>
`;
