// Jest Snapshot v1, https://goo.gl/fbAQLP

exports[`AdditionalInformation should match snapshot 1`] = `
Array [
  .c0 {
  background-color: #f2f5f8;
  margin-bottom: 1.5em;
  margin-top: 1.5em;
  padding: 0.5em;
}

<h4
    className="c0"
  >
    ADDITIONAL INFORMATION
  </h4>,
  .c0 {
  display: -webkit-box;
  display: -webkit-flex;
  display: -ms-flexbox;
  display: flex;
}

.c1 {
  margin-right: 10px;
}

<div
    className="field c0"
  >
    <div
      className="ui checked checkbox c1"
      onChange={[Function]}
      onClick={[Function]}
      onMouseDown={[Function]}
    >
      <input
        checked={true}
        className="hidden"
        disabled={false}
        name="isMember"
        onClick={[Function]}
        readOnly={true}
        tabIndex={0}
        type="checkbox"
      />
      <label>
        Is Member
      </label>
    </div>
    <div
      className="ui two column grid"
    >
      <div
        className="row"
      >
        <div
          className="column"
          style={
            Object {
              "display": "none",
            }
          }
        >
          <div
            className="inline field"
          >
            <label
              className="inputLabel"
            />
          </div>
        </div>
        <div
          className="column"
          style={
            Object {
              "display": "flex",
            }
          }
        >
          <div
            className="field"
            style={
              Object {
                "display": "inline-flex",
                "marginBottom": 0,
                "marginLeft": 20,
                "textTransform": "uppercase",
              }
            }
          >
            <div
              className="ui checked radio checkbox"
              onBlur={[Function]}
              onChange={[Function]}
              onClick={[Function]}
              onMouseDown={[Function]}
            >
              <input
                checked={true}
                className="hidden"
                disabled={false}
                onClick={[Function]}
                readOnly={true}
                tabIndex={0}
                type="radio"
                value="FMS"
              />
              <label>
                Fms
              </label>
            </div>
          </div>
          <div
            className="field"
            style={
              Object {
                "display": "inline-flex",
                "marginBottom": 0,
                "marginLeft": 20,
                "textTransform": "uppercase",
              }
            }
          >
            <div
              className="ui radio checkbox"
              onBlur={[Function]}
              onChange={[Function]}
              onClick={[Function]}
              onMouseDown={[Function]}
            >
              <input
                checked={false}
                className="hidden"
                disabled={false}
                onClick={[Function]}
                readOnly={true}
                tabIndex={0}
                type="radio"
                value="FMS"
              />
              <label>
                Sms
              </label>
            </div>
          </div>
          <div
            className="field"
            style={
              Object {
                "display": "inline-flex",
                "marginBottom": 0,
                "marginLeft": 20,
                "textTransform": "uppercase",
              }
            }
          >
            <div
              className="ui radio checkbox"
              onBlur={[Function]}
              onChange={[Function]}
              onClick={[Function]}
              onMouseDown={[Function]}
            >
              <input
                checked={false}
                className="hidden"
                disabled={false}
                onClick={[Function]}
                readOnly={true}
                tabIndex={0}
                type="radio"
                value="FMS"
              />
              <label>
                Lms
              </label>
            </div>
          </div>
        </div>
      </div>
    </div>
  </div>,
  .c0 {
  margin-right: 10px;
}

<div
    className="field"
  >
    <div
      className="ui checked checkbox c0"
      onChange={[Function]}
      onClick={[Function]}
      onMouseDown={[Function]}
    >
      <input
        checked={true}
        className="hidden"
        disabled={false}
        name="isFinancialInstitution"
        onClick={[Function]}
        readOnly={true}
        tabIndex={0}
        type="checkbox"
      />
      <label>
        Is Financial Institution
      </label>
    </div>
  </div>,
  .c0 {
  margin-right: 10px;
}

<div
    className="field"
  >
    <div
      className="ui checkbox c0"
      onChange={[Function]}
      onClick={[Function]}
      onMouseDown={[Function]}
    >
      <input
        checked={false}
        className="hidden"
        disabled={false}
        name="hasSWIFTKey"
        onClick={[Function]}
        readOnly={true}
        tabIndex={0}
        type="checkbox"
      />
      <label>
        Has SWIFT Key
      </label>
    </div>
  </div>,
]
`;
