// Jest Snapshot v1, https://goo.gl/fbAQLP

exports[`RDInfoField renders correctly 1`] = `
<DocumentFragment>
  .c1 {
  margin: 0;
  line-height: 2;
  white-space: nowrap;
  margin-bottom: 5px;
  max-width: 720px;
  -webkit-box-flex: 1;
  -webkit-flex-grow: 1;
  -ms-flex-positive: 1;
  flex-grow: 1;
}

.c0 {
  display: block;
  margin-bottom: 10px;
}

.c2 {
  font-weight: bold;
  margin-bottom: 0.4rem;
}

.c3 {
  white-space: normal;
  padding-bottom: 0.4rem;
}

<li
    class="c0 c1"
    data-test-id="rdInfo-field-component-invoiceAmount"
  >
    <p
      class="c2"
    >
      Invoice amount
    </p>
    <p
      class="c3"
      data-test-id="rdInfo-field-value-invoiceAmount"
    >
      100000
    </p>
  </li>
</DocumentFragment>
`;
