// Jest Snapshot v1, https://goo.gl/fbAQLP

exports[`IncomingRequestContainer component renders 1`] = `
.c1.c1.c1.c1.c1.c1.c1.c1.c1.c1.c1 {
  margin: 0px;
  padding: 16px 30px 30px 30px;
}

.c0.c0.c0.c0.c0.c0.c0.c0.c0.c0.c0 {
  height: 400px;
  width: unset;
  margin: 30px;
  padding-left: 0px;
  padding-rigth: 0px;
  -webkit-box-shadow: 0px 1px 11px -4px rgba(0,0,0,0.75);
  -moz-box-shadow: 0px 1px 11px -4px rgba(0,0,0,0.75);
  box-shadow: 0px 1px 11px -4px rgba(0,0,0,0.75);
}

.c2.c2.c2.c2.c2.c2.c2.c2.c2.c2.c2 {
  font-size: 11px;
  height: 21px;
  width: 549px;
  color: #1c2936;
  font-weight: 600;
  line-height: 21px;
}

.c10 {
  height: 100%;
  min-width: 3.99px;
  -webkit-transform: scaleX(-1);
  -ms-transform: scaleX(-1);
  transform: scaleX(-1);
  background-color: rgba(63,81,181);
  border-radius: 0 4px 4px 0;
}

.c16 {
  height: 100%;
  min-width: 3.99px;
  -webkit-transform: scaleX(-1);
  -ms-transform: scaleX(-1);
  transform: scaleX(-1);
  background-color: rgba(0,179,188);
  border-radius: 0 4px 4px 0;
}

.c17 {
  height: 100%;
  min-width: 3.99px;
  -webkit-transform: scaleX(-1);
  -ms-transform: scaleX(-1);
  transform: scaleX(-1);
  background-color: rgba(68,33,133);
  border-radius: 0 4px 4px 0;
}

.c9 {
  height: 42px;
  width: calc(100% - 14px);
  margin: 4px 0;
  border: 1px solid #e8eef3;
  border-radius: 4px;
  display: grid;
  grid-template-columns: 5px [border] 1fr [type-name] 1fr [add-requirements-btn] 1fr [attach-document-btn] 28px [remove-icon];
  -webkit-align-items: center;
  -webkit-box-align: center;
  -ms-flex-align: center;
  align-items: center;
  grid-column-gap: 0.5rem;
}

.c11 {
  color: #1c2936;
  font-size: 14px;
  font-weight: 600;
  white-space: nowrap;
  overflow: hidden;
  text-overflow: ellipsis;
}

.c13.c13.c13 {
  display: -webkit-box;
  display: -webkit-flex;
  display: -ms-flexbox;
  display: flex;
  -webkit-box-pack: justify;
  -webkit-justify-content: space-between;
  -ms-flex-pack: justify;
  justify-content: space-between;
  width: 348px;
}

.c14.c14.c14 {
  color: #7f95aa;
  font-size: 14px;
}

.c15.c15.c15 {
  color: #5d768f;
  font-size: 13px;
}

.c4 {
  display: -webkit-box;
  display: -webkit-flex;
  display: -ms-flexbox;
  display: flex;
  -webkit-flex-wrap: wrap;
  -ms-flex-wrap: wrap;
  flex-wrap: wrap;
  margin-top: 8px;
  margin-bottom: 12px;
}

.c8.c8.c8.c8.c8.c8.c8 {
  padding: 0px;
  margin-top: 0px;
  width: -webkit-fill-available;
  height: 280px;
  overflow-y: auto;
}

.c5 {
  text-align: center;
  margin-right: 30px;
  cursor: pointer;
  color: #5d768f;
  font-weight: bold;
  padding-bottom: 6px;
  color: #5700b5;
  border-bottom: 2px solid #5700b5;
}

.c5:hover {
  color: black;
}

.c5:hover {
  color: #5700b5;
}

.c7 {
  text-align: center;
  margin-right: 30px;
  cursor: pointer;
  color: #5d768f;
  font-weight: bold;
  padding-bottom: 6px;
}

.c7:hover {
  color: black;
}

.c6 {
  margin-left: 4px;
  font-weight: normal;
}

.c3 {
  display: -webkit-box;
  display: -webkit-flex;
  display: -ms-flexbox;
  display: flex;
  -webkit-flex-direction: column;
  -ms-flex-direction: column;
  flex-direction: column;
  min-width: 830px;
}

.c12 {
  display: inline-block;
}

<div
  className="ui card c0"
  height="400px"
  onClick={[Function]}
  style={Object {}}
>
  <div
    className="content c1"
  >
    <div
      className="header c2"
    >
      REQUEST DETAILS
    </div>
    <div
      className="description "
    >
      <div
        className="c3"
      >
        <div
          className="c4"
        >
          <span
            className="c5"
            onClick={[Function]}
          >
            Requested 
             
            <span
              className="c6"
            >
              (
              3
              )
            </span>
          </span>
          <span
            className="c7"
            onClick={[Function]}
          >
            Already sent 
             
            <span
              className="c6"
            >
              (
              0
              )
            </span>
          </span>
        </div>
      </div>
      <div
        className="ui list style-scroll c8"
        role="list"
      >
        <div
          className="c9"
          data-test-id="requirements-tile-Certificate of Incorporation"
        >
          <div
            className="c10"
          />
          <div
            className="c11"
            data-test-id="requirement-field-name-Certificate of Incorporation"
          >
            Certificate of Incorporation
          </div>
          <span />
          <div>
            <div
              className="c12"
            >
              <div
                aria-disabled={false}
                aria-expanded={false}
                className="ui button fluid dropdown"
                data-test-id="attach-documents-button-Certificate of Incorporation"
                onBlur={[Function]}
                onChange={[Function]}
                onClick={[Function]}
                onFocus={[Function]}
                onMouseDown={[Function]}
                role="listbox"
                style={
                  Object {
                    "width": "238px",
                  }
                }
                tabIndex={0}
              >
                <div
                  aria-live="polite"
                  className="text"
                  role="alert"
                >
                  Attach document
                </div>
                <i
                  aria-hidden="true"
                  className="dropdown icon"
                  onClick={[Function]}
                />
                <div
                  className="menu transition"
                >
                  <div
                    aria-disabled={true}
                    className="disabled item"
                    data-test-id="automatch-button-Certificate of Incorporation"
                    onClick={[Function]}
                    role="option"
                  >
                    <div
                      className="text c13"
                    >
                      <span
                        className="c14"
                      >
                        Select from library
                      </span>
                      <span
                        className="c15"
                      >
                        [ 0 automatch ]
                      </span>
                    </div>
                  </div>
                  <div
                    className="item"
                    data-test-id="add-document-button=Certificate of Incorporation"
                    onClick={[Function]}
                    role="option"
                  >
                    <span
                      className="text"
                    >
                      Upload new
                    </span>
                  </div>
                </div>
              </div>
            </div>
          </div>
        </div>
        <div
          className="c9"
          data-test-id="requirements-tile-List of Directors"
        >
          <div
            className="c16"
          />
          <div
            className="c11"
            data-test-id="requirement-field-name-List of Directors"
          >
            List of Directors
          </div>
          <span />
          <div>
            <div
              className="c12"
            >
              <div
                aria-disabled={false}
                aria-expanded={false}
                className="ui button fluid dropdown"
                data-test-id="attach-documents-button-List of Directors"
                onBlur={[Function]}
                onChange={[Function]}
                onClick={[Function]}
                onFocus={[Function]}
                onMouseDown={[Function]}
                role="listbox"
                style={
                  Object {
                    "width": "238px",
                  }
                }
                tabIndex={0}
              >
                <div
                  aria-live="polite"
                  className="text"
                  role="alert"
                >
                  Attach document
                </div>
                <i
                  aria-hidden="true"
                  className="dropdown icon"
                  onClick={[Function]}
                />
                <div
                  className="menu transition"
                >
                  <div
                    aria-disabled={true}
                    className="disabled item"
                    data-test-id="automatch-button-List of Directors"
                    onClick={[Function]}
                    role="option"
                  >
                    <div
                      className="text c13"
                    >
                      <span
                        className="c14"
                      >
                        Select from library
                      </span>
                      <span
                        className="c15"
                      >
                        [ 0 automatch ]
                      </span>
                    </div>
                  </div>
                  <div
                    className="item"
                    data-test-id="add-document-button=List of Directors"
                    onClick={[Function]}
                    role="option"
                  >
                    <span
                      className="text"
                    >
                      Upload new
                    </span>
                  </div>
                </div>
              </div>
            </div>
          </div>
        </div>
        <div
          className="c9"
          data-test-id="requirements-tile-Passports of UBOs"
        >
          <div
            className="c17"
          />
          <div
            className="c11"
            data-test-id="requirement-field-name-Passports of UBOs"
          >
            Passports of UBOs
          </div>
          <span />
          <div>
            <div
              className="c12"
            >
              <div
                aria-disabled={false}
                aria-expanded={false}
                className="ui button fluid dropdown"
                data-test-id="attach-documents-button-Passports of UBOs"
                onBlur={[Function]}
                onChange={[Function]}
                onClick={[Function]}
                onFocus={[Function]}
                onMouseDown={[Function]}
                role="listbox"
                style={
                  Object {
                    "width": "238px",
                  }
                }
                tabIndex={0}
              >
                <div
                  aria-live="polite"
                  className="text"
                  role="alert"
                >
                  Attach document
                </div>
                <i
                  aria-hidden="true"
                  className="dropdown icon"
                  onClick={[Function]}
                />
                <div
                  className="menu transition"
                >
                  <div
                    aria-disabled={true}
                    className="disabled item"
                    data-test-id="automatch-button-Passports of UBOs"
                    onClick={[Function]}
                    role="option"
                  >
                    <div
                      className="text c13"
                    >
                      <span
                        className="c14"
                      >
                        Select from library
                      </span>
                      <span
                        className="c15"
                      >
                        [ 0 automatch ]
                      </span>
                    </div>
                  </div>
                  <div
                    className="item"
                    data-test-id="add-document-button=Passports of UBOs"
                    onClick={[Function]}
                    role="option"
                  >
                    <span
                      className="text"
                    >
                      Upload new
                    </span>
                  </div>
                </div>
              </div>
            </div>
          </div>
        </div>
      </div>
    </div>
  </div>
</div>
`;
