// Jest Snapshot v1, https://goo.gl/fbAQLP

exports[`renders correctly 1`] = `
.c0 {
  display: inline-block;
  font-size: 14px;
  font-weight: bold;
  color: #000000;
  margin: 0;
}

.c1 {
  display: inline-block;
  font-size: 14px;
  font-weight: normal;
  color: #000000;
  margin: 0;
}

<table
  className="ui sortable very basic left aligned table"
>
  <thead
    className=""
  >
    <tr
      className=""
    >
      <th
        className="left aligned one wide"
        id="select"
        style={
          Object {
            "padding": "14px 14px 5px 14px",
          }
        }
      >
        <div
          className="ui fitted checkbox"
          data-test-id="checkbox-select-all-none"
          onChange={[Function]}
          onClick={[Function]}
          onMouseDown={[Function]}
        >
          <input
            checked={false}
            className="hidden"
            onClick={[Function]}
            readOnly={true}
            tabIndex={0}
            type="checkbox"
          />
          <label />
        </div>
      </th>
      <th
        className="left aligned"
        id="provider"
      >
        Provider
      </th>
      <th
        className="left aligned"
        id="location"
      >
        Location
      </th>
      <th
        className="left aligned"
        id="appetite"
      >
        Appetite
      </th>
      <th
        className="left aligned"
        id="availability"
      >
        Availability
      </th>
      <th
        className="left aligned"
        id="creditLimit"
      >
        Credit Limit
      </th>
      <th
        className="left aligned"
        id="riskFee"
      >
        Risk Fee
      </th>
      <th
        className="left aligned"
        id="margin"
      >
        Margin
      </th>
      <th
        className="left aligned"
        id="maxTenor"
      >
        Max Tenor (Days)
      </th>
    </tr>
  </thead>
  <tbody
    className=""
  >
    <tr
      className=""
      id="1"
    >
      <td
        className="left aligned"
        data-test-id="1-checkbox"
        id="1-checkbox"
      >
        <div
          className="ui fitted checkbox"
          onChange={[Function]}
          onClick={[Function]}
          onMouseDown={[Function]}
        >
          <input
            checked={false}
            className="hidden"
            onClick={[Function]}
            readOnly={true}
            tabIndex={0}
            type="checkbox"
          />
          <label />
        </div>
      </td>
      <td
        className=""
        data-test-id="1-source"
        id="1-source"
      >
        <span
          onBlur={[Function]}
          onClick={[Function]}
          onFocus={[Function]}
          onMouseEnter={[Function]}
          onMouseLeave={[Function]}
          style={
            Object {
              "paddingTop": "8px",
            }
          }
        >
          <span
            className="c0"
          >
            A Company
          </span>
        </span>
      </td>
      <td
        className=""
        data-test-id="1-location"
      >
        <span
          style={
            Object {
              "paddingTop": "8px",
            }
          }
        >
          <span
            className="c1"
          >
            city
          </span>
        </span>
      </td>
      <td
        className=""
        data-test-id="1-appetite"
      >
        <span
          style={
            Object {
              "paddingTop": "8px",
            }
          }
        >
          <span
            className="c1"
          >
            No
          </span>
        </span>
      </td>
      <td
        className=""
        data-test-id="1-availability"
      >
        <span
          style={
            Object {
              "paddingTop": "8px",
            }
          }
        >
          <span
            className="c1"
          >
            Yes
          </span>
        </span>
      </td>
      <td
        className=""
        data-test-id="1-creditLimit"
      >
        <span
          style={
            Object {
              "paddingTop": "8px",
            }
          }
        >
          <span
            className="c1"
          >
            -
          </span>
        </span>
      </td>
      <td
        className=""
        data-test-id="1-riskFee"
      >
        <span
          style={
            Object {
              "paddingTop": "8px",
            }
          }
        >
          <span
            className="c1"
          >
            -
          </span>
        </span>
      </td>
      <td
        className=""
        data-test-id="1-margin"
      >
        <span
          style={
            Object {
              "paddingTop": "8px",
            }
          }
        >
          <span
            className="c1"
          >
            -
          </span>
        </span>
      </td>
      <td
        className=""
        data-test-id="1-maxTenor"
      >
        <span
          style={
            Object {
              "paddingTop": "8px",
            }
          }
        >
          <span
            className="c1"
          >
            -
          </span>
        </span>
      </td>
    </tr>
    <tr
      className=""
      id="2"
    >
      <td
        className="left aligned"
        data-test-id="2-checkbox"
        id="2-checkbox"
      >
        <div
          className="ui fitted checkbox"
          onChange={[Function]}
          onClick={[Function]}
          onMouseDown={[Function]}
        >
          <input
            checked={false}
            className="hidden"
            onClick={[Function]}
            readOnly={true}
            tabIndex={0}
            type="checkbox"
          />
          <label />
        </div>
      </td>
      <td
        className=""
        data-test-id="2-source"
        id="2-source"
      >
        <span
          onBlur={[Function]}
          onClick={[Function]}
          onFocus={[Function]}
          onMouseEnter={[Function]}
          onMouseLeave={[Function]}
          style={
            Object {
              "paddingTop": "8px",
            }
          }
        >
          <span
            className="c0"
          >
            B Company
          </span>
        </span>
      </td>
      <td
        className=""
        data-test-id="2-location"
      >
        <span
          style={
            Object {
              "paddingTop": "8px",
            }
          }
        >
          <span
            className="c1"
          >
            city
          </span>
        </span>
      </td>
      <td
        className=""
        data-test-id="2-appetite"
      >
        <span
          style={
            Object {
              "paddingTop": "8px",
            }
          }
        >
          <span
            className="c1"
          >
            No
          </span>
        </span>
      </td>
      <td
        className=""
        data-test-id="2-availability"
      >
        <span
          style={
            Object {
              "paddingTop": "8px",
            }
          }
        >
          <span
            className="c1"
          >
            Yes
          </span>
        </span>
      </td>
      <td
        className=""
        data-test-id="2-creditLimit"
      >
        <span
          style={
            Object {
              "paddingTop": "8px",
            }
          }
        >
          <span
            className="c1"
          >
            -
          </span>
        </span>
      </td>
      <td
        className=""
        data-test-id="2-riskFee"
      >
        <span
          style={
            Object {
              "paddingTop": "8px",
            }
          }
        >
          <span
            className="c1"
          >
            -
          </span>
        </span>
      </td>
      <td
        className=""
        data-test-id="2-margin"
      >
        <span
          style={
            Object {
              "paddingTop": "8px",
            }
          }
        >
          <span
            className="c1"
          >
            -
          </span>
        </span>
      </td>
      <td
        className=""
        data-test-id="2-maxTenor"
      >
        <span
          style={
            Object {
              "paddingTop": "8px",
            }
          }
        >
          <span
            className="c1"
          >
            -
          </span>
        </span>
      </td>
    </tr>
    <tr
      className=""
      id="3"
    >
      <td
        className="left aligned"
        data-test-id="3-checkbox"
        id="3-checkbox"
      >
        <div
          className="ui fitted checkbox"
          onChange={[Function]}
          onClick={[Function]}
          onMouseDown={[Function]}
        >
          <input
            checked={false}
            className="hidden"
            onClick={[Function]}
            readOnly={true}
            tabIndex={0}
            type="checkbox"
          />
          <label />
        </div>
      </td>
      <td
        className=""
        data-test-id="3-source"
        id="3-source"
      >
        <span
          onBlur={[Function]}
          onClick={[Function]}
          onFocus={[Function]}
          onMouseEnter={[Function]}
          onMouseLeave={[Function]}
          style={
            Object {
              "paddingTop": "8px",
            }
          }
        >
          <span
            className="c0"
          >
            C Company
          </span>
        </span>
      </td>
      <td
        className=""
        data-test-id="3-location"
      >
        <span
          style={
            Object {
              "paddingTop": "8px",
            }
          }
        >
          <span
            className="c1"
          >
            city
          </span>
        </span>
      </td>
      <td
        className=""
        data-test-id="3-appetite"
      >
        <span
          style={
            Object {
              "paddingTop": "8px",
            }
          }
        >
          <span
            className="c1"
          >
            No
          </span>
        </span>
      </td>
      <td
        className=""
        data-test-id="3-availability"
      >
        <span
          style={
            Object {
              "paddingTop": "8px",
            }
          }
        >
          <span
            className="c1"
          >
            Yes
          </span>
        </span>
      </td>
      <td
        className=""
        data-test-id="3-creditLimit"
      >
        <span
          style={
            Object {
              "paddingTop": "8px",
            }
          }
        >
          <span
            className="c1"
          >
            -
          </span>
        </span>
      </td>
      <td
        className=""
        data-test-id="3-riskFee"
      >
        <span
          style={
            Object {
              "paddingTop": "8px",
            }
          }
        >
          <span
            className="c1"
          >
            -
          </span>
        </span>
      </td>
      <td
        className=""
        data-test-id="3-margin"
      >
        <span
          style={
            Object {
              "paddingTop": "8px",
            }
          }
        >
          <span
            className="c1"
          >
            -
          </span>
        </span>
      </td>
      <td
        className=""
        data-test-id="3-maxTenor"
      >
        <span
          style={
            Object {
              "paddingTop": "8px",
            }
          }
        >
          <span
            className="c1"
          >
            -
          </span>
        </span>
      </td>
    </tr>
  </tbody>
</table>
`;
