// Jest Snapshot v1, https://goo.gl/fbAQLP

exports[`ReviewStep renders correctly 1`] = `
.c1 {
  display: inline-block;
  font-size: 14px;
  font-weight: normal;
  color: #142435;
  margin: 0;
}

.c0 {
  margin-top: 0;
  position: relative;
  background-color: rgba(255,255,255,0.85);
}

<div
  className="ui very padded segment"
>
  <div
    className="c0"
    data-test-id="loadingTransition"
  >
    <img
      className="ui mini centered image"
      src="/images/bars.svg"
    />
    <div
      className="ui header centered"
    >
      <span
        className="c1"
        color="#142435"
      >
        Loading document
      </span>
    </div>
  </div>
</div>
`;
